// Jest Snapshot v1, https://goo.gl/fbAQLP

exports[`generateLinkerScript should generate a correct linker script with all parameters provided 1`] = `
"GROUP(liba.a libc.a main.o utils.o)
ENTRY(bluescript_main0_)


MEMORY {
	IRAM   (XA)   : ORIGIN = 0x40080000,  LENGTH = 1000000
	DRAM   (WA)   : ORIGIN = 0x3ffb0000,  LENGTH = 1000000
	IFlash   (X)   : ORIGIN = 0x400d0000,  LENGTH = 1000000
	DFlash   (R)   : ORIGIN = 0x3f400000,  LENGTH = 1000000
	EXTERNAL   (X)   : ORIGIN = 0x0,  LENGTH = 0
}


SECTIONS {
	.iram : {
		*(.iram*)
		KEEP(main.o(.iram*))
		KEEP(utils.o(.iram*))
		. = ALIGN(4);
	} > IRAM

	.dram : {
		*(.data .data.* .bss .bss.* .dram*)
		KEEP(main.o(.data .data.* .bss .bss.* .dram*))
		KEEP(utils.o(.data .data.* .bss .bss.* .dram*))
	} > DRAM

	.iflash : {
		*(.literal .text .literal.* .text.*)
		KEEP(main.o(.literal .text .literal.* .text.*))
		KEEP(utils.o(.literal .text .literal.* .text.*))
		. = ALIGN(4);
	} > IFlash

	.dflash : {
		*(.rodata .rodata.*)
		KEEP(main.o(.rodata .rodata.*))
		KEEP(utils.o(.rodata .rodata.*))
	} > DFlash

	.external : {
		defined_func1 = 0x12345678;
		defined_val1 = 0x87654321;
	} > EXTERNAL
}
"
`;
